// Jest Snapshot v1, https://goo.gl/fbAQLP

exports[`renders a snapshot 1`] = `
<main
  className="App"
>
  <div
    className="heading"
  >
    <h1>
      Flight Search Engine
    </h1>
  </div>
  <section
    className="c-search-engine"
  >
    <section
      className="c-flight-search"
    >
      <section>
        <section>
          <div
            className="element"
          >
            <div
              className="tabs active"
              id="one-way"
              onClick={[Function]}
            >
              One way
            </div>
            <div
              className="tabs "
              id="return-way"
              onClick={[Function]}
            >
              Return way
            </div>
          </div>
          <section
            className="form"
          >
            <div
              className="element"
            >
              <input
                className={null}
                id="origin"
                name="origin"
                onBlur={[Function]}
                onChange={[Function]}
                required="true"
                type="text"
                value=""
              />
              <label
                className={null}
                htmlFor="origin"
              >
                Enter Origin City
              </label>
              <span
                className="error"
              />
            </div>
            <div
              className="element"
            >
              <input
                className={null}
                id="destination"
                name="destination"
                onBlur={[Function]}
                onChange={[Function]}
                required="true"
                type="text"
                value=""
              />
              <label
                className={null}
                htmlFor="destination"
              >
                Enter Destination City
              </label>
              <span
                className="error"
              />
            </div>
            <div>
              <div
                className="react-datepicker-wrapper"
              >
                <div
                  className="react-datepicker__input-container"
                >
                  <div
                    className="element undefined"
                  >
                    <input
                      className={null}
                      disabled=""
                      id="departureDate"
                      name="departureDate"
                      onBlur={[Function]}
                      onChange={undefined}
                      onFocus={[Function]}
                      type={undefined}
                      value=""
                    />
                    <label
                      className={null}
                      htmlFor="departureDate"
                    >
                      Departure Date
                    </label>
                    <span
                      className="error"
                    />
                  </div>
                </div>
              </div>
            </div>
            <div>
              <div
                className="react-datepicker-wrapper"
              >
                <div
                  className="react-datepicker__input-container"
                >
                  <div
                    className="element inactive"
                  >
                    <input
                      className={null}
                      disabled="disabled"
                      id="returnDate"
                      name="returnDate"
                      onBlur={[Function]}
                      onChange={undefined}
                      onFocus={[Function]}
                      type={undefined}
                      value=""
                    />
                    <label
                      className={null}
                      htmlFor="returnDate"
                    >
                      Return Date
                    </label>
                    <span
                      className="error"
                    />
                  </div>
                </div>
              </div>
            </div>
            <div
              className="element"
            >
              <select
                className={null}
                id="passenger"
                name="passenger"
                onBlur={[Function]}
                onChange={[Function]}
                required="true"
                value=""
              >
                <option
                  value=""
                >
                  
                </option>
                <option
                  value="1"
                >
                  1
                </option>
                <option
                  value="2"
                >
                  2
                </option>
                <option
                  value="3"
                >
                  3
                </option>
                <option
                  value="4"
                >
                  4
                </option>
                <option
                  value="5"
                >
                  5
                </option>
              </select>
              <label
                className={null}
                htmlFor="passenger"
              >
                Passengers
              </label>
              <span
                className="error"
              />
            </div>
            <div
              className="element"
            >
              <button
                className="btn-search"
                id="search"
                onClick={[Function]}
                type="submit"
              >
                Search
              </button>
            </div>
          </section>
        </section>
      </section>
    </section>
  </section>
</main>
`;
